  Device: cuda
  n_features=65, n_steps=5
  Windows: train=15541 es=1523 eval=10584

  ═══ Seed 42 ═══
    [seed42] ep  0 val=0.016519 best=0.016519 pat=0
    [seed42] ep 20 val=0.016767 best=0.015823 pat=11
    [seed42] ep 40 val=0.017099 best=0.015823 pat=31
    [seed42] ep 49 val=0.017329 best=0.015823 pat=40
    saved weights: clip_sm_h256_L2_seed42.pt
    baseline: r_nano=0.7777  r_ns=0.6296  r_sm=0.2481
    feat 10/65 (keypoint_loss_ratio           ) nano=+0.0016 ns=+0.0208 sm=-0.0005  [289s]
    feat 20/65 (foreground_blob_count         ) nano=+0.0324 ns=+0.0597 sm=+0.0253  [578s]
    feat 30/65 (glcm_homogeneity              ) nano=+0.0062 ns=+0.0342 sm=+0.0043  [867s]
    feat 40/65 (rms_contrast                  ) nano=+0.0051 ns=+0.0044 sm=-0.0030  [1154s]
    feat 50/65 (mscn_v_pair_std               ) nano=+0.0010 ns=-0.0078 sm=-0.0038  [1447s]
    feat 60/65 (bot_gradient_std              ) nano=-0.0012 ns=-0.0063 sm=-0.0029  [1737s]
    feat 65/65 (ratio_top_bot_laplacian_var   ) nano=+0.0014 ns=+0.0065 sm=-0.0031  [1897s]

  ═══ Seed 43 ═══
    [seed43] ep  0 val=0.017235 best=0.017235 pat=0
    [seed43] ep 20 val=0.017078 best=0.015997 pat=8
    [seed43] ep 40 val=0.017289 best=0.015997 pat=28
    [seed43] ep 52 val=0.017059 best=0.015997 pat=40
    saved weights: clip_sm_h256_L2_seed43.pt
    baseline: r_nano=0.7451  r_ns=0.6679  r_sm=0.2932
    feat 10/65 (keypoint_loss_ratio           ) nano=+0.0005 ns=+0.0238 sm=+0.0076  [289s]
    feat 20/65 (foreground_blob_count         ) nano=+0.0559 ns=+0.0475 sm=+0.0433  [578s]
    feat 30/65 (glcm_homogeneity              ) nano=+0.0364 ns=+0.0637 sm=+0.0201  [867s]
    feat 40/65 (rms_contrast                  ) nano=+0.0059 ns=+0.0094 sm=+0.0031  [1156s]
    feat 50/65 (mscn_v_pair_std               ) nano=-0.0040 ns=-0.0093 sm=-0.0014  [1445s]
    feat 60/65 (bot_gradient_std              ) nano=+0.0041 ns=-0.0032 sm=-0.0057  [1734s]
    feat 65/65 (ratio_top_bot_laplacian_var   ) nano=-0.0014 ns=+0.0077 sm=+0.0009  [1878s]

  ═══ Seed 44 ═══
    [seed44] ep  0 val=0.016527 best=0.016527 pat=0
    [seed44] ep 20 val=0.016654 best=0.015931 pat=16
    [seed44] ep 40 val=0.017064 best=0.015931 pat=36
    [seed44] ep 44 val=0.016853 best=0.015931 pat=40
    saved weights: clip_sm_h256_L2_seed44.pt
    baseline: r_nano=0.7734  r_ns=0.6421  r_sm=0.2828
    feat 10/65 (keypoint_loss_ratio           ) nano=+0.0043 ns=+0.0005 sm=+0.0211  [289s]
    feat 20/65 (foreground_blob_count         ) nano=+0.0286 ns=+0.0834 sm=+0.0133  [578s]
    feat 30/65 (glcm_homogeneity              ) nano=+0.0053 ns=+0.0287 sm=+0.0178  [867s]
    feat 40/65 (rms_contrast                  ) nano=+0.0060 ns=-0.0038 sm=+0.0054  [1156s]
    feat 50/65 (mscn_v_pair_std               ) nano=+0.0023 ns=-0.0093 sm=+0.0037  [1444s]
    feat 60/65 (bot_gradient_std              ) nano=-0.0020 ns=-0.0039 sm=-0.0078  [1733s]
    feat 65/65 (ratio_top_bot_laplacian_var   ) nano=+0.0015 ns=+0.0013 sm=-0.0019  [1878s]

  Saved /home/aljouhara/autosearch/feature_ablation/perm_importance_h256_full.tsv

  Total time: 7740.1s
